[20:36:38] [main/INFO] (FabricLoader/GameProvider) Loading Minecraft 1.20.1 with Fabric Loader 0.18.4
[20:36:38] [main/INFO] (FabricLoader) Loading 66 mods:
	- cardinal-components-base 5.2.3
	- cardinal-components-entity 5.2.3
	- commonnetworking 1.0.2-1.20.1
	- fabric-api 0.92.7+1.20.1
	- fabric-api-base 0.4.32+1802ada577
	- fabric-api-lookup-api-v1 1.6.37+1802ada577
	- fabric-biome-api-v1 13.0.15+93aa238b77
	- fabric-block-api-v1 1.0.12+1802ada577
	- fabric-block-view-api-v2 1.0.3+924f046a77
	- fabric-blockrenderlayer-v1 1.1.42+1802ada577
	- fabric-client-tags-api-v1 1.1.3+1802ada577
	- fabric-command-api-v1 1.2.35+f71b366f77
	- fabric-command-api-v2 2.2.14+1802ada577
	- fabric-commands-v0 0.2.52+df3654b377
	- fabric-containers-v0 0.1.67+df3654b377
	- fabric-content-registries-v0 4.0.13+1802ada577
	- fabric-convention-tags-v1 1.5.6+1802ada577
	- fabric-crash-report-info-v1 0.2.20+1802ada577
	- fabric-data-attachment-api-v1 1.0.2+de0fd6d177
	- fabric-data-generation-api-v1 12.3.7+1802ada577
	- fabric-dimensions-v1 2.1.55+1802ada577
	- fabric-entity-events-v1 1.6.1+1c78457f77
	- fabric-events-interaction-v0 0.6.5+13a40c6677
	- fabric-events-lifecycle-v0 0.2.64+df3654b377
	- fabric-game-rule-api-v1 1.0.41+1802ada577
	- fabric-gametest-api-v1 1.2.15+1802ada577
	- fabric-item-api-v1 2.1.29+1802ada577
	- fabric-item-group-api-v1 4.0.14+1802ada577
	- fabric-key-binding-api-v1 1.0.38+1802ada577
	- fabric-keybindings-v0 0.2.36+df3654b377
	- fabric-lifecycle-events-v1 2.2.23+1802ada577
	- fabric-loot-api-v2 1.2.3+1802ada577
	- fabric-loot-tables-v1 1.1.47+9e7660c677
	- fabric-message-api-v1 5.1.10+1802ada577
	- fabric-mining-level-api-v1 2.1.52+1802ada577
	- fabric-model-loading-api-v1 1.0.4+1802ada577
	- fabric-models-v0 0.4.3+9386d8a777
	- fabric-networking-api-v1 1.3.14+a158aa0477
	- fabric-networking-v0 0.3.54+df3654b377
	- fabric-object-builder-api-v1 11.1.5+e35120df77
	- fabric-particles-v1 1.1.3+1802ada577
	- fabric-recipe-api-v1 1.0.24+1802ada577
	- fabric-registry-sync-v0 2.3.6+1802ada577
	- fabric-renderer-api-v1 3.2.2+1802ada577
	- fabric-renderer-indigo 1.5.3+85287f9f77
	- fabric-renderer-registries-v1 3.2.47+df3654b377
	- fabric-rendering-data-attachment-v1 0.3.39+92a0d36777
	- fabric-rendering-fluids-v1 3.0.29+1802ada577
	- fabric-rendering-v0 1.1.50+df3654b377
	- fabric-rendering-v1 3.0.9+1802ada577
	- fabric-resource-conditions-api-v1 2.3.9+1802ada577
	- fabric-resource-loader-v0 0.11.12+fb82e9d777
	- fabric-screen-api-v1 2.0.9+1802ada577
	- fabric-screen-handler-api-v1 1.3.33+1802ada577
	- fabric-sound-api-v1 1.0.14+1802ada577
	- fabric-transfer-api-v1 3.3.6+8dd72ea377
	- fabric-transitive-access-wideners-v1 4.3.2+1802ada577
	- fabricloader 0.18.4
	- forgeconfigapiport 8.0.3
	- geckolib 4.8.2
	- java 17
	- minecraft 1.20.1
	- mixinextras 0.5.0
	- petshop 0.1.3
	- regutils-fabric 1.20.1-2.0.3
	- smartbrainlib 1.15
[20:36:39] [main/INFO] (FabricLoader/Mixin) SpongePowered MIXIN Subsystem Version=0.8.7 Source=file:/C:/Users/kinar/.gradle/caches/modules-2/files-2.1/net.fabricmc/sponge-mixin/0.17.0+mixin.0.8.7/cf31463202f72d03b0ef1e1e38e8ee71b7faaab6/sponge-mixin-0.17.0+mixin.0.8.7.jar Service=Knot/Fabric Env=CLIENT
[20:36:39] [main/INFO] (FabricLoader/Mixin) Loaded Fabric development mappings for mixin remapper!
[20:36:39] [main/INFO] (FabricLoader/Mixin) Compatibility level set to JAVA_17
[20:36:40] [main/INFO] (FabricLoader/MixinExtras|Service) Initializing MixinExtras via com.llamalad7.mixinextras.service.MixinExtrasServiceImpl(version=0.5.0).
[20:36:44] [Datafixer Bootstrap/INFO] (Minecraft) 188 Datafixer optimizations took 149 milliseconds
[20:36:46] [Render thread/INFO] (Minecraft) Environment: authHost='https://authserver.mojang.com', accountsHost='https://api.mojang.com', sessionHost='https://sessionserver.mojang.com', servicesHost='https://api.minecraftservices.com', name='PROD'
[20:36:46] [Render thread/ERROR] (Minecraft) Failed to verify authentication
com.mojang.authlib.exceptions.InvalidCredentialsException: Status: 401
	at com.mojang.authlib.exceptions.MinecraftClientHttpException.toAuthenticationException(MinecraftClientHttpException.java:56) ~[authlib-4.0.43.jar:?]
	at com.mojang.authlib.yggdrasil.YggdrasilUserApiService.fetchProperties(YggdrasilUserApiService.java:156) ~[authlib-4.0.43.jar:?]
	at com.mojang.authlib.yggdrasil.YggdrasilUserApiService.<init>(YggdrasilUserApiService.java:55) ~[authlib-4.0.43.jar:?]
	at com.mojang.authlib.yggdrasil.YggdrasilAuthenticationService.createUserApiService(YggdrasilAuthenticationService.java:124) ~[authlib-4.0.43.jar:?]
	at net.minecraft.client.Minecraft.createUserApiService(Minecraft.java:733) ~[minecraft-merged-b22b2d2495-1.20.1-loom.mappings.1_20_1.layered+hash.1899487486-v2.jar:?]
	at net.minecraft.client.Minecraft.<init>(Minecraft.java:442) ~[minecraft-merged-b22b2d2495-1.20.1-loom.mappings.1_20_1.layered+hash.1899487486-v2.jar:?]
	at net.minecraft.client.main.Main.main(Main.java:211) ~[minecraft-merged-b22b2d2495-1.20.1-loom.mappings.1_20_1.layered+hash.1899487486-v2.jar:?]
	at net.fabricmc.loader.impl.game.minecraft.MinecraftGameProvider.launch(MinecraftGameProvider.java:514) ~[fabric-loader-0.18.4.jar:?]
	at net.fabricmc.loader.impl.launch.knot.Knot.launch(Knot.java:72) ~[fabric-loader-0.18.4.jar:?]
	at net.fabricmc.loader.impl.launch.knot.KnotClient.main(KnotClient.java:23) ~[fabric-loader-0.18.4.jar:?]
	at net.fabricmc.devlaunchinjector.Main.main(Main.java:86) ~[dev-launch-injector-0.2.1+build.8.jar:?]
Caused by: com.mojang.authlib.exceptions.MinecraftClientHttpException: Status: 401
	at com.mojang.authlib.minecraft.client.MinecraftClient.readInputStream(MinecraftClient.java:85) ~[authlib-4.0.43.jar:?]
	at com.mojang.authlib.minecraft.client.MinecraftClient.get(MinecraftClient.java:48) ~[authlib-4.0.43.jar:?]
	at com.mojang.authlib.yggdrasil.YggdrasilUserApiService.fetchProperties(YggdrasilUserApiService.java:129) ~[authlib-4.0.43.jar:?]
	... 9 more
[20:36:46] [Render thread/INFO] (Minecraft) Setting user: Player977
[20:36:47] [Render thread/ERROR] (Minecraft) No data fixer registered for petshop:sheltie
[20:36:47] [Render thread/ERROR] (Minecraft) No data fixer registered for petshop:super_mutt
[20:36:47] [Render thread/ERROR] (Minecraft) No data fixer registered for petshop:sable_husky
[20:36:47] [Render thread/ERROR] (Minecraft) No data fixer registered for petshop:black_and_white_husky
[20:36:47] [Render thread/ERROR] (Minecraft) No data fixer registered for petshop:english_cocker_spaniel
[20:36:47] [Render thread/ERROR] (Minecraft) No data fixer registered for petshop:calico
[20:36:47] [Render thread/ERROR] (Minecraft) No data fixer registered for petshop:american_shorthair
[20:36:47] [Render thread/ERROR] (Minecraft) No data fixer registered for petshop:black_tuxedo
[20:36:47] [Render thread/ERROR] (Minecraft) No data fixer registered for petshop:brown_tuxedo_munchkin
[20:36:47] [Render thread/ERROR] (Minecraft) No data fixer registered for petshop:gold_dashed_parrot
[20:36:47] [Render thread/ERROR] (Minecraft) No data fixer registered for petshop:white_striped_parrot
[20:36:47] [Render thread/ERROR] (Minecraft) No data fixer registered for petshop:red_accent_albino_parrot
[20:36:47] [Render thread/ERROR] (Minecraft) No data fixer registered for petshop:tropical_parrot
[20:36:47] [Render thread/ERROR] (Minecraft) No data fixer registered for petshop:aurora_dragon
[20:36:47] [Render thread/ERROR] (Minecraft) No data fixer registered for petshop:mossflare_dragon
[20:36:47] [Render thread/ERROR] (Minecraft) No data fixer registered for petshop:derpy_ghost
[20:36:47] [Render thread/ERROR] (Minecraft) No data fixer registered for petshop:ball
[20:36:47] [Render thread/ERROR] (Minecraft) No data fixer registered for petshop:dragon_fireball
[20:36:47] [Render thread/INFO] (Indigo) [Indigo] Registering Indigo renderer!
[20:36:48] [Render thread/INFO] (Minecraft) Backend library: LWJGL version 3.3.2-snapshot
[20:36:49] [Render thread/INFO] (Minecraft) Reloading ResourceManager: vanilla, fabric (forgeconfigapiport, fabric-message-api-v1, fabric-key-binding-api-v1, fabric-rendering-data-attachment-v1, fabric-commands-v0, fabric-screen-handler-api-v1, fabric-object-builder-api-v1, fabric-block-view-api-v2, fabric-rendering-fluids-v1, fabric-resource-loader-v0, fabric-transfer-api-v1, fabric-biome-api-v1, cardinal-components-entity, fabric-block-api-v1, fabric-dimensions-v1, fabric-data-attachment-api-v1, fabric-loot-tables-v1, fabric-content-registries-v0, fabric-crash-report-info-v1, fabric-particles-v1, fabric-game-rule-api-v1, fabric-recipe-api-v1, cardinal-components-base, fabric-gametest-api-v1, fabric-data-generation-api-v1, petshop, fabric-screen-api-v1, geckolib, fabric-events-interaction-v0, fabric-convention-tags-v1, fabric-transitive-access-wideners-v1, fabric-models-v0, fabric-blockrenderlayer-v1, fabric-mining-level-api-v1, fabric-containers-v0, fabric-sound-api-v1, fabric-registry-sync-v0, fabric-networking-v0, fabric-client-tags-api-v1, fabric-renderer-indigo, fabric-api, fabric-loot-api-v2, fabric-lifecycle-events-v1, fabric-entity-events-v1, fabric-rendering-v0, fabric-model-loading-api-v1, fabric-item-api-v1, fabric-resource-conditions-api-v1, fabricloader, fabric-api-base, fabric-keybindings-v0, fabric-rendering-v1, fabric-command-api-v1, fabric-networking-api-v1, fabric-events-lifecycle-v0, fabric-renderer-api-v1, fabric-renderer-registries-v1, fabric-command-api-v2, fabric-api-lookup-api-v1, fabric-item-group-api-v1)
[20:36:50] [Worker-Main-12/INFO] (Minecraft) Found unifont_all_no_pua-15.0.06.hex, loading
[20:36:50] [Worker-Main-6/WARN] (Minecraft) Texture petshop:block/grooming_station with size 588x596 limits mip level from 4 to 2
[20:36:50] [Worker-Main-6/WARN] (Minecraft) Texture petshop:block/crate with size 641x656 limits mip level from 2 to 0
[20:36:50] [Worker-Main-6/WARN] (Minecraft) minecraft:textures/atlas/blocks.png: dropping miplevel from 4 to 0, because of minimum power of two: 1
[20:36:50] [Worker-Main-15/WARN] (Minecraft) Exception loading blockstate definition: 'petshop:blockstates/pet_door.json' missing model for variant: 'petshop:pet_door#facing=east,open=false'
[20:36:50] [Worker-Main-15/WARN] (Minecraft) Exception loading blockstate definition: 'petshop:blockstates/pet_door.json' missing model for variant: 'petshop:pet_door#facing=south,open=false'
[20:36:50] [Worker-Main-15/WARN] (Minecraft) Exception loading blockstate definition: 'petshop:blockstates/pet_door.json' missing model for variant: 'petshop:pet_door#facing=north,open=true'
[20:36:50] [Worker-Main-15/WARN] (Minecraft) Exception loading blockstate definition: 'petshop:blockstates/pet_door.json' missing model for variant: 'petshop:pet_door#facing=north,open=false'
[20:36:50] [Worker-Main-15/WARN] (Minecraft) Exception loading blockstate definition: 'petshop:blockstates/pet_door.json' missing model for variant: 'petshop:pet_door#facing=south,open=true'
[20:36:50] [Worker-Main-15/WARN] (Minecraft) Exception loading blockstate definition: 'petshop:blockstates/pet_door.json' missing model for variant: 'petshop:pet_door#facing=west,open=true'
[20:36:50] [Worker-Main-15/WARN] (Minecraft) Exception loading blockstate definition: 'petshop:blockstates/pet_door.json' missing model for variant: 'petshop:pet_door#facing=west,open=false'
[20:36:50] [Worker-Main-15/WARN] (Minecraft) Exception loading blockstate definition: 'petshop:blockstates/pet_door.json' missing model for variant: 'petshop:pet_door#facing=east,open=true'
[20:36:50] [Worker-Main-15/WARN] (Minecraft) Unable to load model: 'petshop:pet_door#inventory' referenced from: petshop:pet_door#inventory: java.io.FileNotFoundException: petshop:models/item/pet_door.json
[20:36:51] [Render thread/WARN] (Minecraft) Missing sound for event: minecraft:item.goat_horn.play
[20:36:51] [Render thread/WARN] (Minecraft) Missing sound for event: minecraft:entity.goat.screaming.horn_break
[20:36:51] [Render thread/INFO] (Minecraft) OpenAL initialized on device OpenAL Soft on Speakers (Razer Leviathan V2 X)
[20:36:51] [Render thread/INFO] (Minecraft) Sound engine started
[20:36:52] [Render thread/INFO] (Minecraft) Created: 2048x1024x0 minecraft:textures/atlas/blocks.png-atlas
[20:36:52] [Render thread/INFO] (Minecraft) Created: 256x256x4 minecraft:textures/atlas/signs.png-atlas
[20:36:52] [Render thread/INFO] (Minecraft) Created: 512x512x4 minecraft:textures/atlas/banner_patterns.png-atlas
[20:36:52] [Render thread/INFO] (Minecraft) Created: 512x512x4 minecraft:textures/atlas/shield_patterns.png-atlas
[20:36:52] [Render thread/INFO] (Minecraft) Created: 1024x1024x4 minecraft:textures/atlas/armor_trims.png-atlas
[20:36:52] [Render thread/INFO] (Minecraft) Created: 256x256x4 minecraft:textures/atlas/chest.png-atlas
[20:36:52] [Render thread/INFO] (Minecraft) Created: 128x64x4 minecraft:textures/atlas/decorated_pot.png-atlas
[20:36:52] [Render thread/INFO] (Minecraft) Created: 512x256x4 minecraft:textures/atlas/shulker_boxes.png-atlas
[20:36:52] [Render thread/INFO] (Minecraft) Created: 512x256x4 minecraft:textures/atlas/beds.png-atlas
[20:36:52] [Render thread/WARN] (Minecraft) Shader rendertype_entity_translucent_emissive could not find sampler named Sampler2 in the specified shader program.
[20:36:52] [Render thread/INFO] (Minecraft) Created: 256x256x0 minecraft:textures/atlas/particles.png-atlas
[20:36:52] [Render thread/INFO] (Minecraft) Created: 256x256x0 minecraft:textures/atlas/paintings.png-atlas
[20:36:52] [Render thread/INFO] (Minecraft) Created: 128x128x0 minecraft:textures/atlas/mob_effects.png-atlas
[20:36:57] [Realms Notification Availability checker #1/INFO] (Minecraft) Could not authorize you against Realms server: java.lang.RuntimeException: Failed to parse into SignedJWT: FabricMC
[20:37:03] [Render thread/INFO] (Minecraft) Loaded 7 recipes
[20:37:04] [Render thread/INFO] (Minecraft) Loaded 1305 advancements
[20:37:07] [Render thread/INFO] (BiomeModificationImpl) Applied 0 biome modifications to 0 of 64 new biomes in 969.0 μs
[20:37:08] [Server thread/INFO] (Minecraft) Starting integrated minecraft server version 1.20.1
[20:37:08] [Server thread/INFO] (Minecraft) Generating keypair
[20:37:10] [Server thread/INFO] (Minecraft) Preparing start region for dimension minecraft:overworld
[20:37:15] [Render thread/INFO] (Minecraft) Preparing spawn area: 0%
[20:37:15] [Render thread/INFO] (Minecraft) Preparing spawn area: 0%
[20:37:15] [Render thread/INFO] (Minecraft) Preparing spawn area: 0%
[20:37:15] [Render thread/INFO] (Minecraft) Preparing spawn area: 0%
[20:37:15] [Render thread/INFO] (Minecraft) Preparing spawn area: 0%
[20:37:15] [Render thread/INFO] (Minecraft) Preparing spawn area: 0%
[20:37:15] [Render thread/INFO] (Minecraft) Preparing spawn area: 0%
[20:37:15] [Render thread/INFO] (Minecraft) Preparing spawn area: 0%
[20:37:15] [Render thread/INFO] (Minecraft) Preparing spawn area: 0%
[20:37:15] [Render thread/INFO] (Minecraft) Preparing spawn area: 0%
[20:37:15] [Render thread/INFO] (Minecraft) Preparing spawn area: 0%
[20:37:15] [Render thread/INFO] (Minecraft) Preparing spawn area: 0%
[20:37:16] [Render thread/INFO] (Minecraft) Preparing spawn area: 1%
[20:37:16] [Render thread/INFO] (Minecraft) Preparing spawn area: 2%
[20:37:17] [Render thread/INFO] (Minecraft) Preparing spawn area: 4%
[20:37:17] [Render thread/INFO] (Minecraft) Preparing spawn area: 7%
[20:37:18] [Render thread/INFO] (Minecraft) Preparing spawn area: 10%
[20:37:18] [Render thread/INFO] (Minecraft) Preparing spawn area: 15%
[20:37:19] [Render thread/INFO] (Minecraft) Preparing spawn area: 17%
[20:37:19] [Render thread/INFO] (Minecraft) Preparing spawn area: 22%
[20:37:20] [Render thread/INFO] (Minecraft) Preparing spawn area: 24%
[20:37:21] [Render thread/INFO] (Minecraft) Preparing spawn area: 31%
[20:37:21] [Render thread/INFO] (Minecraft) Preparing spawn area: 31%
[20:37:21] [Render thread/INFO] (Minecraft) Preparing spawn area: 31%
[20:37:22] [Render thread/INFO] (Minecraft) Preparing spawn area: 34%
[20:37:22] [Render thread/INFO] (Minecraft) Preparing spawn area: 39%
[20:37:23] [Render thread/INFO] (Minecraft) Preparing spawn area: 42%
[20:37:23] [Render thread/INFO] (Minecraft) Preparing spawn area: 48%
[20:37:24] [Render thread/INFO] (Minecraft) Preparing spawn area: 54%
[20:37:24] [Render thread/INFO] (Minecraft) Preparing spawn area: 56%
[20:37:25] [Render thread/INFO] (Minecraft) Preparing spawn area: 63%
[20:37:25] [Render thread/INFO] (Minecraft) Preparing spawn area: 68%
[20:37:26] [Render thread/INFO] (Minecraft) Preparing spawn area: 72%
[20:37:26] [Render thread/INFO] (Minecraft) Preparing spawn area: 77%
[20:37:27] [Render thread/INFO] (Minecraft) Preparing spawn area: 83%
[20:37:27] [Render thread/INFO] (Minecraft) Preparing spawn area: 84%
[20:37:28] [Render thread/INFO] (Minecraft) Preparing spawn area: 89%
[20:37:28] [Render thread/INFO] (Minecraft) Preparing spawn area: 95%
[20:37:29] [Render thread/INFO] (Minecraft) Time elapsed: 18920 ms
[20:37:29] [Server thread/INFO] (Minecraft) Changing view distance to 12, from 10
[20:37:29] [Server thread/INFO] (Minecraft) Changing simulation distance to 12, from 0
[20:37:30] [Server thread/INFO] (Minecraft) Player977[local:E:77e27f36] logged in with entity id 90 at (-72.5, 71.0, 48.5)
[20:37:30] [Server thread/INFO] (Minecraft) Player977 joined the game
[20:37:30] [Render thread/INFO] (Minecraft) Loaded 2 advancements
[20:37:39] [Server thread/INFO] (Minecraft) Player977 has made the advancement [Best Friends Forever]
[20:37:39] [Render thread/INFO] (Minecraft) [System] [CHAT] Player977 has made the advancement [Best Friends Forever]
[20:37:39] [Render thread/INFO] (Minecraft) Loaded 5 advancements
[20:37:40] [Worker-Main-10/WARN] (Minecraft) Ignoring unknown attribute 'forge:step_height_addition'
[20:37:40] [Worker-Main-10/WARN] (Minecraft) Ignoring unknown attribute 'forge:entity_gravity'
[20:37:40] [Worker-Main-10/WARN] (Minecraft) Ignoring unknown attribute 'forge:step_height_addition'
[20:37:40] [Worker-Main-10/WARN] (Minecraft) Ignoring unknown attribute 'forge:entity_gravity'
